
> react-kavia@0.1.0 start
> react-scripts start

(node:4338) [DEP_WEBPACK_DEV_SERVER_ON_AFTER_SETUP_MIDDLEWARE] DeprecationWarning: 'onAfterSetupMiddleware' option is deprecated. Please use the 'setupMiddlewares' option.
(Use `node --trace-deprecation ...` to show where the warning was created)
(node:4338) [DEP_WEBPACK_DEV_SERVER_ON_BEFORE_SETUP_MIDDLEWARE] DeprecationWarning: 'onBeforeSetupMiddleware' option is deprecated. Please use the 'setupMiddlewares' option.
Starting the development server...

Compiled successfully!

You can now view react-kavia in the browser.

  Local:            http://localhost:3000
  On Your Network:  http://172.17.0.2:3000

Note that the development build is not optimized.
To create a production build, use npm run build.

webpack compiled successfully
Compiling...
Failed to compile.

Module not found: Error: Can't resolve './components/QuizLoader' in '/home/kavia/workspace/code-generation/cinequiz-hub-35358-fd2a6af1/cinequiz_hub/src'
ERROR in ./src/App.js 9:0-49
Module not found: Error: Can't resolve './components/QuizLoader' in '/home/kavia/workspace/code-generation/cinequiz-hub-35358-fd2a6af1/cinequiz_hub/src'

webpack compiled with 1 error
Compiling...
Failed to compile.

Module not found: Error: Can't resolve './quiz/ActorComboFinder' in '/home/kavia/workspace/code-generation/cinequiz-hub-35358-fd2a6af1/cinequiz_hub/src/components'
ERROR in ./src/components/QuizLoader.js 5:0-55
Module not found: Error: Can't resolve './quiz/ActorComboFinder' in '/home/kavia/workspace/code-generation/cinequiz-hub-35358-fd2a6af1/cinequiz_hub/src/components'

ERROR in ./src/components/QuizLoader.js 6:0-49
Module not found: Error: Can't resolve './quiz/FilmDetective' in '/home/kavia/workspace/code-generation/cinequiz-hub-35358-fd2a6af1/cinequiz_hub/src/components'

ERROR in ./src/components/QuizLoader.js 7:0-57
Module not found: Error: Can't resolve './quiz/MovieDialogueQuiz' in '/home/kavia/workspace/code-generation/cinequiz-hub-35358-fd2a6af1/cinequiz_hub/src/components'

ERROR in ./src/components/QuizLoader.js 8:0-59
Module not found: Error: Can't resolve './quiz/MovieMemoryTrainer' in '/home/kavia/workspace/code-generation/cinequiz-hub-35358-fd2a6af1/cinequiz_hub/src/components'

ERROR in ./src/components/QuizLoader.js 9:0-55
Module not found: Error: Can't resolve './quiz/MovieIQChallenge' in '/home/kavia/workspace/code-generation/cinequiz-hub-35358-fd2a6af1/cinequiz_hub/src/components'

ERROR in ./src/components/QuizLoader.js 10:0-65
Module not found: Error: Can't resolve './quiz/ObjectBasedMovieGuess' in '/home/kavia/workspace/code-generation/cinequiz-hub-35358-fd2a6af1/cinequiz_hub/src/components'

webpack compiled with 6 errors
Compiling...
Failed to compile.

Module not found: Error: Can't resolve './quiz/FilmDetective' in '/home/kavia/workspace/code-generation/cinequiz-hub-35358-fd2a6af1/cinequiz_hub/src/components'
WARNING in [eslint] 
src/components/quiz/ActorComboFinder.js
  Line 3:34:  'searchMovies' is defined but never used  no-unused-vars

ERROR in ./src/components/QuizLoader.js 6:0-49
Module not found: Error: Can't resolve './quiz/FilmDetective' in '/home/kavia/workspace/code-generation/cinequiz-hub-35358-fd2a6af1/cinequiz_hub/src/components'

ERROR in ./src/components/QuizLoader.js 7:0-57
Module not found: Error: Can't resolve './quiz/MovieDialogueQuiz' in '/home/kavia/workspace/code-generation/cinequiz-hub-35358-fd2a6af1/cinequiz_hub/src/components'

ERROR in ./src/components/QuizLoader.js 8:0-59
Module not found: Error: Can't resolve './quiz/MovieMemoryTrainer' in '/home/kavia/workspace/code-generation/cinequiz-hub-35358-fd2a6af1/cinequiz_hub/src/components'

ERROR in ./src/components/QuizLoader.js 9:0-55
Module not found: Error: Can't resolve './quiz/MovieIQChallenge' in '/home/kavia/workspace/code-generation/cinequiz-hub-35358-fd2a6af1/cinequiz_hub/src/components'

ERROR in ./src/components/QuizLoader.js 10:0-65
Module not found: Error: Can't resolve './quiz/ObjectBasedMovieGuess' in '/home/kavia/workspace/code-generation/cinequiz-hub-35358-fd2a6af1/cinequiz_hub/src/components'

webpack compiled with 5 errors and 1 warning
Compiling...
Failed to compile.

Module not found: Error: Can't resolve './quiz/MovieDialogueQuiz' in '/home/kavia/workspace/code-generation/cinequiz-hub-35358-fd2a6af1/cinequiz_hub/src/components'
WARNING in [eslint] 
src/components/quiz/ActorComboFinder.js
  Line 3:34:  'searchMovies' is defined but never used  no-unused-vars

ERROR in ./src/components/QuizLoader.js 7:0-57
Module not found: Error: Can't resolve './quiz/MovieDialogueQuiz' in '/home/kavia/workspace/code-generation/cinequiz-hub-35358-fd2a6af1/cinequiz_hub/src/components'

ERROR in ./src/components/QuizLoader.js 8:0-59
Module not found: Error: Can't resolve './quiz/MovieMemoryTrainer' in '/home/kavia/workspace/code-generation/cinequiz-hub-35358-fd2a6af1/cinequiz_hub/src/components'

ERROR in ./src/components/QuizLoader.js 9:0-55
Module not found: Error: Can't resolve './quiz/MovieIQChallenge' in '/home/kavia/workspace/code-generation/cinequiz-hub-35358-fd2a6af1/cinequiz_hub/src/components'

ERROR in ./src/components/QuizLoader.js 10:0-65
Module not found: Error: Can't resolve './quiz/ObjectBasedMovieGuess' in '/home/kavia/workspace/code-generation/cinequiz-hub-35358-fd2a6af1/cinequiz_hub/src/components'

webpack compiled with 4 errors and 1 warning
Compiling...
Failed to compile.

Module not found: Error: Can't resolve './quiz/MovieMemoryTrainer' in '/home/kavia/workspace/code-generation/cinequiz-hub-35358-fd2a6af1/cinequiz_hub/src/components'
WARNING in [eslint] 
src/components/quiz/ActorComboFinder.js
  Line 3:34:  'searchMovies' is defined but never used  no-unused-vars

ERROR in ./src/components/QuizLoader.js 8:0-59
Module not found: Error: Can't resolve './quiz/MovieMemoryTrainer' in '/home/kavia/workspace/code-generation/cinequiz-hub-35358-fd2a6af1/cinequiz_hub/src/components'

ERROR in ./src/components/QuizLoader.js 9:0-55
Module not found: Error: Can't resolve './quiz/MovieIQChallenge' in '/home/kavia/workspace/code-generation/cinequiz-hub-35358-fd2a6af1/cinequiz_hub/src/components'

ERROR in ./src/components/QuizLoader.js 10:0-65
Module not found: Error: Can't resolve './quiz/ObjectBasedMovieGuess' in '/home/kavia/workspace/code-generation/cinequiz-hub-35358-fd2a6af1/cinequiz_hub/src/components'

webpack compiled with 3 errors and 1 warning
Compiling...
Failed to compile.

Module not found: Error: Can't resolve './quiz/MovieIQChallenge' in '/home/kavia/workspace/code-generation/cinequiz-hub-35358-fd2a6af1/cinequiz_hub/src/components'
WARNING in [eslint] 
src/components/quiz/ActorComboFinder.js
  Line 3:34:  'searchMovies' is defined but never used  no-unused-vars

ERROR in ./src/components/QuizLoader.js 9:0-55
Module not found: Error: Can't resolve './quiz/MovieIQChallenge' in '/home/kavia/workspace/code-generation/cinequiz-hub-35358-fd2a6af1/cinequiz_hub/src/components'

ERROR in ./src/components/QuizLoader.js 10:0-65
Module not found: Error: Can't resolve './quiz/ObjectBasedMovieGuess' in '/home/kavia/workspace/code-generation/cinequiz-hub-35358-fd2a6af1/cinequiz_hub/src/components'

webpack compiled with 2 errors and 1 warning
Compiling...
Failed to compile.

Module not found: Error: Can't resolve './quiz/ObjectBasedMovieGuess' in '/home/kavia/workspace/code-generation/cinequiz-hub-35358-fd2a6af1/cinequiz_hub/src/components'
WARNING in [eslint] 
src/components/quiz/ActorComboFinder.js
  Line 3:34:  'searchMovies' is defined but never used  no-unused-vars

src/components/quiz/MovieIQChallenge.js
  Line 26:7:  'details' is assigned a value but never used  no-unused-vars

ERROR in ./src/components/QuizLoader.js 10:0-65
Module not found: Error: Can't resolve './quiz/ObjectBasedMovieGuess' in '/home/kavia/workspace/code-generation/cinequiz-hub-35358-fd2a6af1/cinequiz_hub/src/components'

webpack compiled with 1 error and 1 warning
Compiling...
Compiled with warnings.

[eslint] 
src/components/quiz/ActorComboFinder.js
  Line 3:34:  'searchMovies' is defined but never used  no-unused-vars

src/components/quiz/MovieIQChallenge.js
  Line 26:7:  'details' is assigned a value but never used  no-unused-vars

Search for the keywords to learn more about each warning.
To ignore, add // eslint-disable-next-line to the line before.

WARNING in [eslint] 
src/components/quiz/ActorComboFinder.js
  Line 3:34:  'searchMovies' is defined but never used  no-unused-vars

src/components/quiz/MovieIQChallenge.js
  Line 26:7:  'details' is assigned a value but never used  no-unused-vars

webpack compiled with 1 warning
